// Jest Snapshot v1, https://goo.gl/fbAQLP

exports[`App component renders App 1`] = `
<DocumentFragment>
  <div
    class="App"
  >
    <form>
      <label
        for="name"
      >
        <h2>
          Enter username to search:
        </h2>
      </label>
      <input
        id="name"
        name="name"
        type="text"
        value=""
      />
      <button
        type="submit"
      >
        SEARCH
      </button>
    </form>
    <div
      class="Results"
    >
      <div>
        <p>
          NAME: 
        </p>
        <img />
        <p>
          FOLLOWER COUNT: 
        </p>
        <p>
          FOLLOWING COUNT: 
        </p>
        <p>
          LINK: 
          <a
            target="blank"
          />
        </p>
        <div />
        <ul>
          REPOS:
        </ul>
      </div>
    </div>
  </div>
</DocumentFragment>
`;
